// Jest Snapshot v1, https://jestjs.io/docs/snapshot-testing

exports[`A11y component matches snapshot with opened modal 1`] = `
<DocumentFragment>
  <div
    style="position: fixed; bottom: 10px; left: 10px; padding: 10px; z-index: 1000;"
  >
    <div>
      <button
        aria-label="Open accessibility tools"
        class="MuiButtonBase-root MuiButton-root MuiButton-contained MuiButton-containedPrimary MuiButton-sizeMedium MuiButton-containedSizeMedium MuiButton-colorPrimary MuiButton-root MuiButton-contained MuiButton-containedPrimary MuiButton-sizeMedium MuiButton-containedSizeMedium MuiButton-colorPrimary css-sghohy-MuiButtonBase-root-MuiButton-root"
        tabindex="0"
        type="button"
      >
        <span
          class="MuiButton-icon MuiButton-startIcon MuiButton-iconSizeMedium css-1d6wzja-MuiButton-startIcon"
        >
          <svg
            aria-hidden="true"
            class="MuiSvgIcon-root MuiSvgIcon-fontSizeMedium css-i4bv87-MuiSvgIcon-root"
            data-testid="AccessibilityNewIcon"
            focusable="false"
            viewBox="0 0 24 24"
          >
            <path
              d="M20.5 6c-2.61.7-5.67 1-8.5 1s-5.89-.3-8.5-1L3 8c1.86.5 4 .83 6 1v13h2v-6h2v6h2V9c2-.17 4.14-.5 6-1zM12 6c1.1 0 2-.9 2-2s-.9-2-2-2-2 .9-2 2 .9 2 2 2"
            />
          </svg>
        </span>
        Accessibility Tools
        <span
          class="MuiTouchRipple-root css-8je8zh-MuiTouchRipple-root"
        >
          <span
            class="css-y4cjyz-MuiTouchRipple-ripple MuiTouchRipple-ripple MuiTouchRipple-rippleVisible"
            style="width: 2.8284271247461903px; height: 2.8284271247461903px; top: -1.4142135623730951px; left: -1.4142135623730951px;"
          >
            <span
              class="MuiTouchRipple-child MuiTouchRipple-childLeaving"
            />
          </span>
          <span
            class="css-y4cjyz-MuiTouchRipple-ripple MuiTouchRipple-ripple MuiTouchRipple-rippleVisible MuiTouchRipple-ripplePulsate"
            style="width: 1px; height: 1px; top: -0.5px; left: -0.5px;"
          >
            <span
              class="MuiTouchRipple-child MuiTouchRipple-childLeaving MuiTouchRipple-childPulsate"
            />
          </span>
        </span>
      </button>
    </div>
  </div>
  <div
    class="bg-white bg-opacity-20 backdrop-blur-md rounded-lg shadow-sm p-6 border border-white border-opacity-30"
    style="padding: 10px; position: fixed; bottom: 10px; right: 10px; z-index: 1000;"
  >
    <button>
      Back to Top
    </button>
  </div>
</DocumentFragment>
`;
